// Jest Snapshot v1, https://goo.gl/fbAQLP

exports[`probar 1`] = `
{
  "asFragment": [Function],
  "baseElement": <body>
    <div>
      <div
        class="card_container"
      >
        <div
          class="card_title"
        >
          <h1>
            GifExpertApp
          </h1>
        </div>
        <div
          class="card_input"
        >
          <div
            class="form_submit"
          >
            <form
              aria-label="form"
            >
              <input
                class="inputStyle"
                placeholder="Introduce tu gift a buscar"
                required=""
                type="text"
                value=""
              />
            </form>
          </div>
          <div
            class="submit_container"
          >
            <button
              class="btn_submit"
            >
              Enviar
            </button>
          </div>
        </div>
        <div
          class="card_categories"
        />
      </div>
    </div>
  </body>,
  "container": <div>
    <div
      class="card_container"
    >
      <div
        class="card_title"
      >
        <h1>
          GifExpertApp
        </h1>
      </div>
      <div
        class="card_input"
      >
        <div
          class="form_submit"
        >
          <form
            aria-label="form"
          >
            <input
              class="inputStyle"
              placeholder="Introduce tu gift a buscar"
              required=""
              type="text"
              value=""
            />
          </form>
        </div>
        <div
          class="submit_container"
        >
          <button
            class="btn_submit"
          >
            Enviar
          </button>
        </div>
      </div>
      <div
        class="card_categories"
      />
    </div>
  </div>,
  "debug": [Function],
  "findAllByAltText": [Function],
  "findAllByDisplayValue": [Function],
  "findAllByLabelText": [Function],
  "findAllByPlaceholderText": [Function],
  "findAllByRole": [Function],
  "findAllByTestId": [Function],
  "findAllByText": [Function],
  "findAllByTitle": [Function],
  "findByAltText": [Function],
  "findByDisplayValue": [Function],
  "findByLabelText": [Function],
  "findByPlaceholderText": [Function],
  "findByRole": [Function],
  "findByTestId": [Function],
  "findByText": [Function],
  "findByTitle": [Function],
  "getAllByAltText": [Function],
  "getAllByDisplayValue": [Function],
  "getAllByLabelText": [Function],
  "getAllByPlaceholderText": [Function],
  "getAllByRole": [Function],
  "getAllByTestId": [Function],
  "getAllByText": [Function],
  "getAllByTitle": [Function],
  "getByAltText": [Function],
  "getByDisplayValue": [Function],
  "getByLabelText": [Function],
  "getByPlaceholderText": [Function],
  "getByRole": [Function],
  "getByTestId": [Function],
  "getByText": [Function],
  "getByTitle": [Function],
  "queryAllByAltText": [Function],
  "queryAllByDisplayValue": [Function],
  "queryAllByLabelText": [Function],
  "queryAllByPlaceholderText": [Function],
  "queryAllByRole": [Function],
  "queryAllByTestId": [Function],
  "queryAllByText": [Function],
  "queryAllByTitle": [Function],
  "queryByAltText": [Function],
  "queryByDisplayValue": [Function],
  "queryByLabelText": [Function],
  "queryByPlaceholderText": [Function],
  "queryByRole": [Function],
  "queryByTestId": [Function],
  "queryByText": [Function],
  "queryByTitle": [Function],
  "rerender": [Function],
  "unmount": [Function],
}
`;
