// Jest Snapshot v1, https://goo.gl/fbAQLP

exports[`Pruebas en <GifItem/> Debe de hacer match con el snapshot 1`] = `
<div>
  <div
    class="card"
  >
    <img
      alt="Animation Lol GIF by Disney"
      class="imagenStyle"
      src="https://giphy.com/gifs/disney-animation-bambi-IgLt8tZcGGYXS"
    />
    <p>
      Animation Lol GIF by Disney
    </p>
  </div>
</div>
`;
